------------------------------------------------------------
TimeQuest Timing Analyzer Summary
------------------------------------------------------------

Type  : Slow 1200mV 125C Model Setup 'altpll1_inst|altpll_component|auto_generated|pll1|clk[0]'
Slack : -4.083
TNS   : -122.018

Type  : Slow 1200mV 125C Model Setup 'keyin[0]'
Slack : -2.982
TNS   : -63.799

Type  : Slow 1200mV 125C Model Hold 'keyin[0]'
Slack : -4.031
TNS   : -93.868

Type  : Slow 1200mV 125C Model Hold 'altpll1_inst|altpll_component|auto_generated|pll1|clk[0]'
Slack : 0.374
TNS   : 0.000

Type  : Slow 1200mV 125C Model Recovery 'keyin[0]'
Slack : -0.033
TNS   : -0.065

Type  : Slow 1200mV 125C Model Removal 'keyin[0]'
Slack : -2.505
TNS   : -57.412

Type  : Slow 1200mV 125C Model Minimum Pulse Width 'keyin[0]'
Slack : -3.000
TNS   : -3.000

Type  : Slow 1200mV 125C Model Minimum Pulse Width 'clk'
Slack : 9.856
TNS   : 0.000

Type  : Slow 1200mV 125C Model Minimum Pulse Width 'altpll1_inst|altpll_component|auto_generated|pll1|clk[0]'
Slack : 14.742
TNS   : 0.000

Type  : Slow 1200mV -40C Model Setup 'altpll1_inst|altpll_component|auto_generated|pll1|clk[0]'
Slack : -3.345
TNS   : -97.331

Type  : Slow 1200mV -40C Model Setup 'keyin[0]'
Slack : -3.021
TNS   : -66.504

Type  : Slow 1200mV -40C Model Hold 'keyin[0]'
Slack : -3.122
TNS   : -72.677

Type  : Slow 1200mV -40C Model Hold 'altpll1_inst|altpll_component|auto_generated|pll1|clk[0]'
Slack : 0.341
TNS   : 0.000

Type  : Slow 1200mV -40C Model Recovery 'keyin[0]'
Slack : -0.535
TNS   : -8.401

Type  : Slow 1200mV -40C Model Removal 'keyin[0]'
Slack : -1.818
TNS   : -41.727

Type  : Slow 1200mV -40C Model Minimum Pulse Width 'keyin[0]'
Slack : -3.000
TNS   : -3.000

Type  : Slow 1200mV -40C Model Minimum Pulse Width 'clk'
Slack : 9.886
TNS   : 0.000

Type  : Slow 1200mV -40C Model Minimum Pulse Width 'altpll1_inst|altpll_component|auto_generated|pll1|clk[0]'
Slack : 14.699
TNS   : 0.000

Type  : Fast 1200mV -40C Model Setup 'altpll1_inst|altpll_component|auto_generated|pll1|clk[0]'
Slack : -2.248
TNS   : -68.569

Type  : Fast 1200mV -40C Model Setup 'keyin[0]'
Slack : -1.175
TNS   : -24.975

Type  : Fast 1200mV -40C Model Hold 'keyin[0]'
Slack : -2.488
TNS   : -58.183

Type  : Fast 1200mV -40C Model Hold 'altpll1_inst|altpll_component|auto_generated|pll1|clk[0]'
Slack : 0.151
TNS   : 0.000

Type  : Fast 1200mV -40C Model Recovery 'keyin[0]'
Slack : 0.319
TNS   : 0.000

Type  : Fast 1200mV -40C Model Removal 'keyin[0]'
Slack : -1.775
TNS   : -41.515

Type  : Fast 1200mV -40C Model Minimum Pulse Width 'keyin[0]'
Slack : -3.000
TNS   : -6.121

Type  : Fast 1200mV -40C Model Minimum Pulse Width 'clk'
Slack : 9.616
TNS   : 0.000

Type  : Fast 1200mV -40C Model Minimum Pulse Width 'altpll1_inst|altpll_component|auto_generated|pll1|clk[0]'
Slack : 14.763
TNS   : 0.000

------------------------------------------------------------
